// Jest Snapshot v1, https://goo.gl/fbAQLP

exports[`renders correctly 1`] = `
<Text
  accessible={true}
  allowFontScaling={false}
  ellipsizeMode="tail"
  style={
    Array [
      Object {
        "color": undefined,
        "fontSize": 30,
      },
      Object {
        "color": "#03a9f4",
      },
      Object {
        "fontFamily": "growth",
        "fontStyle": "normal",
        "fontWeight": "normal",
      },
    ]
  }
>
  î±µ
</Text>
`;
