// Jest Snapshot v1, https://goo.gl/fbAQLP

exports[`renders correclty 1`] = `null`;
