// Jest Snapshot v1, https://goo.gl/fbAQLP

exports[`renders correctly 1`] = `
<View
  style={
    Object {
      "flex": 1,
      "flexDirection": "row",
    }
  }
>
  <View
    style={
      Object {
        "alignItems": "center",
        "justifyContent": "center",
        "width": 40,
      }
    }
  >
    <Text
      accessible={true}
      allowFontScaling={true}
      ellipsizeMode="tail"
      style={
        Array [
          Object {
            "backgroundColor": "#03a9f4",
            "height": 20,
            "width": 2,
          },
          Object {
            "backgroundColor": "transparent",
          },
        ]
      }
    />
    <Text
      accessible={true}
      allowFontScaling={false}
      ellipsizeMode="tail"
      style={
        Array [
          Object {
            "color": undefined,
            "fontSize": 20,
          },
          Object {
            "borderRadius": 10,
            "color": "#03a9f4",
            "height": 20,
            "width": 20,
          },
          Object {
            "fontFamily": "growth",
            "fontStyle": "normal",
            "fontWeight": "normal",
          },
        ]
      }
    >
      î±­
    </Text>
    <Text
      accessible={true}
      allowFontScaling={true}
      ellipsizeMode="tail"
      style={
        Object {
          "backgroundColor": "#03a9f4",
          "flex": 1,
          "width": 2,
        }
      }
    />
  </View>
  <View
    style={
      Object {
        "backgroundColor": "white",
        "borderRadius": 5,
        "flex": 1,
        "marginBottom": 10,
        "marginRight": 15,
        "marginTop": 15,
      }
    }
  >
    <View
      style={
        Object {
          "backgroundColor": "#03a9f4",
          "flex": 1,
          "height": 30,
          "justifyContent": "center",
        }
      }
    >
      <Text
        accessible={true}
        allowFontScaling={true}
        ellipsizeMode="tail"
        style={
          Object {
            "color": "white",
            "paddingLeft": 15,
          }
        }
      >
        title
      </Text>
    </View>
    <Text
      accessible={true}
      allowFontScaling={true}
      ellipsizeMode="tail"
      style={
        Object {
          "padding": 15,
        }
      }
    >
      23333333
    </Text>
  </View>
</View>
`;
