// Jest Snapshot v1, https://goo.gl/fbAQLP

exports[`test user center renders correctly 1`] = `
<View>
  <Text
    accessible={true}
    allowFontScaling={true}
    ellipsizeMode="tail"
  >
    UserCenter
  </Text>
</View>
`;
