// Jest Snapshot v1, https://goo.gl/fbAQLP

exports[`test forum render renders correctly 1`] = `<View />`;
