// Jest Snapshot v1, https://goo.gl/fbAQLP

exports[`test user center / about us / contributor profile renders correctly 1`] = `null`;
