// Jest Snapshot v1, https://goo.gl/fbAQLP

exports[`test practise renders correctly 1`] = `null`;
